[dotenv@17.2.3] injecting env (8) from .env -- tip: ⚙️  specify custom .env file path with { path: '/custom/path/.env' }
================================================================================
Cloudflare Batch Embeddings - bge-m3
================================================================================

📋 Batch #1

📦 Processing batch of 100 items...
  🚀 Submitting to Cloudflare AI...
  ✅ Received 100 embeddings
  💾 Inserted 100 embeddings into searches table

📊 Progress: 100 items processed

📋 Batch #2

📦 Processing batch of 100 items...
  🚀 Submitting to Cloudflare AI...
  ✅ Received 100 embeddings
  💾 Inserted 100 embeddings into searches table

📊 Progress: 200 items processed

📋 Batch #3

📦 Processing batch of 100 items...
  🚀 Submitting to Cloudflare AI...
  ✅ Received 100 embeddings
  💾 Inserted 100 embeddings into searches table

📊 Progress: 300 items processed

📋 Batch #4

📦 Processing batch of 100 items...
  🚀 Submitting to Cloudflare AI...
  ✅ Received 100 embeddings
  💾 Inserted 100 embeddings into searches table

📊 Progress: 400 items processed

📋 Batch #5

📦 Processing batch of 100 items...
  🚀 Submitting to Cloudflare AI...
  ✅ Received 100 embeddings
  💾 Inserted 100 embeddings into searches table

📊 Progress: 500 items processed

📋 Batch #6

📦 Processing batch of 100 items...
  🚀 Submitting to Cloudflare AI...
  ✅ Received 100 embeddings
  💾 Inserted 100 embeddings into searches table

📊 Progress: 600 items processed

📋 Batch #7

📦 Processing batch of 100 items...
  🚀 Submitting to Cloudflare AI...
  ✅ Received 100 embeddings
  💾 Inserted 100 embeddings into searches table

📊 Progress: 700 items processed

📋 Batch #8

📦 Processing batch of 100 items...
  🚀 Submitting to Cloudflare AI...
  ✅ Received 100 embeddings
  💾 Inserted 100 embeddings into searches table

📊 Progress: 800 items processed

📋 Batch #9

📦 Processing batch of 100 items...
  🚀 Submitting to Cloudflare AI...
  ✅ Received 100 embeddings
  💾 Inserted 100 embeddings into searches table

📊 Progress: 900 items processed

📋 Batch #10

📦 Processing batch of 100 items...
  🚀 Submitting to Cloudflare AI...
  ✅ Received 100 embeddings
  💾 Inserted 100 embeddings into searches table

📊 Progress: 1000 items processed

📋 Batch #11

📦 Processing batch of 100 items...
  🚀 Submitting to Cloudflare AI...
  ✅ Received 100 embeddings
  💾 Inserted 100 embeddings into searches table

📊 Progress: 1100 items processed

📋 Batch #12

📦 Processing batch of 100 items...
  🚀 Submitting to Cloudflare AI...
  ✅ Received 100 embeddings
  💾 Inserted 100 embeddings into searches table

📊 Progress: 1200 items processed

📋 Batch #13

📦 Processing batch of 100 items...
  🚀 Submitting to Cloudflare AI...
  ✅ Received 100 embeddings
  💾 Inserted 100 embeddings into searches table

📊 Progress: 1300 items processed

📋 Batch #14

📦 Processing batch of 100 items...
  🚀 Submitting to Cloudflare AI...
  ✅ Received 100 embeddings
  💾 Inserted 100 embeddings into searches table

📊 Progress: 1400 items processed

📋 Batch #15

📦 Processing batch of 100 items...
  🚀 Submitting to Cloudflare AI...
  ✅ Received 100 embeddings
  💾 Inserted 100 embeddings into searches table

📊 Progress: 1500 items processed

📋 Batch #16

📦 Processing batch of 100 items...
  🚀 Submitting to Cloudflare AI...
  ✅ Received 100 embeddings
  💾 Inserted 100 embeddings into searches table

📊 Progress: 1600 items processed

📋 Batch #17

📦 Processing batch of 100 items...
  🚀 Submitting to Cloudflare AI...
  ✅ Received 100 embeddings
  💾 Inserted 100 embeddings into searches table

📊 Progress: 1700 items processed

📋 Batch #18

📦 Processing batch of 100 items...
  🚀 Submitting to Cloudflare AI...
  ✅ Received 100 embeddings
  💾 Inserted 100 embeddings into searches table

📊 Progress: 1800 items processed

📋 Batch #19

📦 Processing batch of 100 items...
  🚀 Submitting to Cloudflare AI...
  ✅ Received 100 embeddings
  💾 Inserted 100 embeddings into searches table

📊 Progress: 1900 items processed

📋 Batch #20

📦 Processing batch of 100 items...
  🚀 Submitting to Cloudflare AI...
  ✅ Received 100 embeddings
  💾 Inserted 100 embeddings into searches table

📊 Progress: 2000 items processed

📋 Batch #21

📦 Processing batch of 100 items...
  🚀 Submitting to Cloudflare AI...
  ✅ Received 100 embeddings
  💾 Inserted 100 embeddings into searches table

📊 Progress: 2100 items processed

📋 Batch #22

📦 Processing batch of 100 items...
  🚀 Submitting to Cloudflare AI...
  ✅ Received 100 embeddings
  💾 Inserted 100 embeddings into searches table

📊 Progress: 2200 items processed

📋 Batch #23

📦 Processing batch of 100 items...
  🚀 Submitting to Cloudflare AI...
  ✅ Received 100 embeddings
  💾 Inserted 100 embeddings into searches table

📊 Progress: 2300 items processed

📋 Batch #24

📦 Processing batch of 100 items...
  🚀 Submitting to Cloudflare AI...
  ✅ Received 100 embeddings
  💾 Inserted 100 embeddings into searches table

📊 Progress: 2400 items processed

📋 Batch #25

📦 Processing batch of 100 items...
  🚀 Submitting to Cloudflare AI...
  ✅ Received 100 embeddings
  💾 Inserted 100 embeddings into searches table

📊 Progress: 2500 items processed

📋 Batch #26

📦 Processing batch of 100 items...
  🚀 Submitting to Cloudflare AI...
  ✅ Received 100 embeddings
  💾 Inserted 100 embeddings into searches table

📊 Progress: 2600 items processed

📋 Batch #27

📦 Processing batch of 100 items...
  🚀 Submitting to Cloudflare AI...
  ✅ Received 100 embeddings
  💾 Inserted 100 embeddings into searches table

📊 Progress: 2700 items processed

📋 Batch #28

📦 Processing batch of 100 items...
  🚀 Submitting to Cloudflare AI...
  ✅ Received 100 embeddings
  💾 Inserted 100 embeddings into searches table

📊 Progress: 2800 items processed

📋 Batch #29

📦 Processing batch of 100 items...
  🚀 Submitting to Cloudflare AI...
  ✅ Received 100 embeddings
  💾 Inserted 100 embeddings into searches table

📊 Progress: 2900 items processed

📋 Batch #30

📦 Processing batch of 100 items...
  🚀 Submitting to Cloudflare AI...
  ✅ Received 100 embeddings
  💾 Inserted 100 embeddings into searches table

📊 Progress: 3000 items processed

📋 Batch #31

📦 Processing batch of 100 items...
  🚀 Submitting to Cloudflare AI...
  ✅ Received 100 embeddings
  💾 Inserted 100 embeddings into searches table

📊 Progress: 3100 items processed

📋 Batch #32

📦 Processing batch of 100 items...
  🚀 Submitting to Cloudflare AI...
  ✅ Received 100 embeddings
  💾 Inserted 100 embeddings into searches table

📊 Progress: 3200 items processed

📋 Batch #33

📦 Processing batch of 100 items...
  🚀 Submitting to Cloudflare AI...
  ✅ Received 100 embeddings
  💾 Inserted 100 embeddings into searches table

📊 Progress: 3300 items processed

📋 Batch #34

📦 Processing batch of 100 items...
  🚀 Submitting to Cloudflare AI...
  ✅ Received 100 embeddings
  💾 Inserted 100 embeddings into searches table

📊 Progress: 3400 items processed

📋 Batch #35

📦 Processing batch of 100 items...
  🚀 Submitting to Cloudflare AI...
  ✅ Received 100 embeddings
  💾 Inserted 100 embeddings into searches table

📊 Progress: 3500 items processed

📋 Batch #36

📦 Processing batch of 100 items...
  🚀 Submitting to Cloudflare AI...
  ✅ Received 100 embeddings
  💾 Inserted 100 embeddings into searches table

📊 Progress: 3600 items processed

📋 Batch #37

📦 Processing batch of 100 items...
  🚀 Submitting to Cloudflare AI...
  ✅ Received 100 embeddings
  💾 Inserted 100 embeddings into searches table

📊 Progress: 3700 items processed

📋 Batch #38

📦 Processing batch of 100 items...
  🚀 Submitting to Cloudflare AI...
  ✅ Received 100 embeddings
  💾 Inserted 100 embeddings into searches table

📊 Progress: 3800 items processed

📋 Batch #39

📦 Processing batch of 100 items...
  🚀 Submitting to Cloudflare AI...
  ✅ Received 100 embeddings
  💾 Inserted 100 embeddings into searches table

📊 Progress: 3900 items processed

📋 Batch #40

📦 Processing batch of 100 items...
  🚀 Submitting to Cloudflare AI...
  ✅ Received 100 embeddings
  💾 Inserted 100 embeddings into searches table

📊 Progress: 4000 items processed

📋 Batch #41

📦 Processing batch of 100 items...
  🚀 Submitting to Cloudflare AI...
  ✅ Received 100 embeddings
  💾 Inserted 100 embeddings into searches table

📊 Progress: 4100 items processed

📋 Batch #42

📦 Processing batch of 100 items...
  🚀 Submitting to Cloudflare AI...
  ✅ Received 100 embeddings
  💾 Inserted 100 embeddings into searches table

📊 Progress: 4200 items processed

📋 Batch #43

📦 Processing batch of 100 items...
  🚀 Submitting to Cloudflare AI...
  ✅ Received 100 embeddings
  💾 Inserted 100 embeddings into searches table

📊 Progress: 4300 items processed

📋 Batch #44

📦 Processing batch of 100 items...
  🚀 Submitting to Cloudflare AI...
  ✅ Received 100 embeddings
  💾 Inserted 100 embeddings into searches table

📊 Progress: 4400 items processed

📋 Batch #45

📦 Processing batch of 100 items...
  🚀 Submitting to Cloudflare AI...
  ✅ Received 100 embeddings
  💾 Inserted 100 embeddings into searches table

📊 Progress: 4500 items processed

📋 Batch #46

📦 Processing batch of 100 items...
  🚀 Submitting to Cloudflare AI...
  ✅ Received 100 embeddings
  💾 Inserted 100 embeddings into searches table

📊 Progress: 4600 items processed

📋 Batch #47

📦 Processing batch of 100 items...
  🚀 Submitting to Cloudflare AI...
  ✅ Received 100 embeddings
  💾 Inserted 100 embeddings into searches table

📊 Progress: 4700 items processed

📋 Batch #48

📦 Processing batch of 100 items...
  🚀 Submitting to Cloudflare AI...
  ✅ Received 100 embeddings
  💾 Inserted 100 embeddings into searches table

📊 Progress: 4800 items processed

📋 Batch #49

📦 Processing batch of 100 items...
  🚀 Submitting to Cloudflare AI...
  ✅ Received 100 embeddings
  💾 Inserted 100 embeddings into searches table

📊 Progress: 4900 items processed

📋 Batch #50

📦 Processing batch of 100 items...
  🚀 Submitting to Cloudflare AI...
  ✅ Received 100 embeddings
  💾 Inserted 100 embeddings into searches table

📊 Progress: 5000 items processed

📋 Batch #51

📦 Processing batch of 100 items...
  🚀 Submitting to Cloudflare AI...
  ✅ Received 100 embeddings
  💾 Inserted 100 embeddings into searches table

📊 Progress: 5100 items processed

📋 Batch #52

📦 Processing batch of 100 items...
  🚀 Submitting to Cloudflare AI...
  ✅ Received 100 embeddings
  💾 Inserted 100 embeddings into searches table

📊 Progress: 5200 items processed

📋 Batch #53

📦 Processing batch of 100 items...
  🚀 Submitting to Cloudflare AI...
  ✅ Received 100 embeddings
  💾 Inserted 100 embeddings into searches table

📊 Progress: 5300 items processed

📋 Batch #54

📦 Processing batch of 100 items...
  🚀 Submitting to Cloudflare AI...
  ✅ Received 100 embeddings
  💾 Inserted 100 embeddings into searches table

📊 Progress: 5400 items processed

📋 Batch #55

📦 Processing batch of 100 items...
  🚀 Submitting to Cloudflare AI...
  ✅ Received 100 embeddings
  💾 Inserted 100 embeddings into searches table

📊 Progress: 5500 items processed

📋 Batch #56

📦 Processing batch of 100 items...
  🚀 Submitting to Cloudflare AI...
  ✅ Received 100 embeddings
  💾 Inserted 100 embeddings into searches table

📊 Progress: 5600 items processed

📋 Batch #57

📦 Processing batch of 100 items...
  🚀 Submitting to Cloudflare AI...
  ✅ Received 100 embeddings
  💾 Inserted 100 embeddings into searches table

📊 Progress: 5700 items processed

📋 Batch #58

📦 Processing batch of 100 items...
  🚀 Submitting to Cloudflare AI...
  ✅ Received 100 embeddings
  💾 Inserted 100 embeddings into searches table

📊 Progress: 5800 items processed

📋 Batch #59

📦 Processing batch of 100 items...
  🚀 Submitting to Cloudflare AI...
  ✅ Received 100 embeddings
  💾 Inserted 100 embeddings into searches table

📊 Progress: 5900 items processed

📋 Batch #60

📦 Processing batch of 100 items...
  🚀 Submitting to Cloudflare AI...
  ✅ Received 100 embeddings
  💾 Inserted 100 embeddings into searches table

📊 Progress: 6000 items processed

📋 Batch #61

📦 Processing batch of 100 items...
  🚀 Submitting to Cloudflare AI...
  ✅ Received 100 embeddings
  💾 Inserted 100 embeddings into searches table

📊 Progress: 6100 items processed

📋 Batch #62

📦 Processing batch of 100 items...
  🚀 Submitting to Cloudflare AI...
  ✅ Received 100 embeddings
  💾 Inserted 100 embeddings into searches table

📊 Progress: 6200 items processed

📋 Batch #63

📦 Processing batch of 100 items...
  🚀 Submitting to Cloudflare AI...
  ✅ Received 100 embeddings
  💾 Inserted 100 embeddings into searches table

📊 Progress: 6300 items processed

📋 Batch #64

📦 Processing batch of 100 items...
  🚀 Submitting to Cloudflare AI...
  ✅ Received 100 embeddings
  💾 Inserted 100 embeddings into searches table

📊 Progress: 6400 items processed

📋 Batch #65

📦 Processing batch of 100 items...
  🚀 Submitting to Cloudflare AI...
  ✅ Received 100 embeddings
  💾 Inserted 100 embeddings into searches table

📊 Progress: 6500 items processed

📋 Batch #66

📦 Processing batch of 100 items...
  🚀 Submitting to Cloudflare AI...
  ✅ Received 100 embeddings
  💾 Inserted 100 embeddings into searches table

📊 Progress: 6600 items processed

📋 Batch #67

📦 Processing batch of 100 items...
  🚀 Submitting to Cloudflare AI...
  ✅ Received 100 embeddings
  💾 Inserted 100 embeddings into searches table

📊 Progress: 6700 items processed

📋 Batch #68

📦 Processing batch of 100 items...
  🚀 Submitting to Cloudflare AI...
  ✅ Received 100 embeddings
  💾 Inserted 100 embeddings into searches table

📊 Progress: 6800 items processed

📋 Batch #69

📦 Processing batch of 100 items...
  🚀 Submitting to Cloudflare AI...
  ✅ Received 100 embeddings
  💾 Inserted 100 embeddings into searches table

📊 Progress: 6900 items processed

📋 Batch #70

📦 Processing batch of 100 items...
  🚀 Submitting to Cloudflare AI...
  ✅ Received 100 embeddings
  💾 Inserted 100 embeddings into searches table

📊 Progress: 7000 items processed

📋 Batch #71

📦 Processing batch of 100 items...
  🚀 Submitting to Cloudflare AI...
  ✅ Received 100 embeddings
  💾 Inserted 100 embeddings into searches table

📊 Progress: 7100 items processed

📋 Batch #72

📦 Processing batch of 100 items...
  🚀 Submitting to Cloudflare AI...
  ✅ Received 100 embeddings
  💾 Inserted 100 embeddings into searches table

📊 Progress: 7200 items processed

📋 Batch #73

📦 Processing batch of 100 items...
  🚀 Submitting to Cloudflare AI...
  ✅ Received 100 embeddings
  💾 Inserted 100 embeddings into searches table

📊 Progress: 7300 items processed

📋 Batch #74

📦 Processing batch of 100 items...
  🚀 Submitting to Cloudflare AI...
  ✅ Received 100 embeddings
  💾 Inserted 100 embeddings into searches table

📊 Progress: 7400 items processed

📋 Batch #75

📦 Processing batch of 100 items...
  🚀 Submitting to Cloudflare AI...
  ✅ Received 100 embeddings
  💾 Inserted 100 embeddings into searches table

📊 Progress: 7500 items processed

📋 Batch #76

📦 Processing batch of 100 items...
  🚀 Submitting to Cloudflare AI...
  ✅ Received 100 embeddings
  💾 Inserted 100 embeddings into searches table

📊 Progress: 7600 items processed

📋 Batch #77

📦 Processing batch of 100 items...
  🚀 Submitting to Cloudflare AI...
  ✅ Received 100 embeddings
  💾 Inserted 100 embeddings into searches table

📊 Progress: 7700 items processed

📋 Batch #78

📦 Processing batch of 100 items...
  🚀 Submitting to Cloudflare AI...
  ✅ Received 100 embeddings
  💾 Inserted 100 embeddings into searches table

📊 Progress: 7800 items processed

📋 Batch #79

📦 Processing batch of 100 items...
  🚀 Submitting to Cloudflare AI...
  ✅ Received 100 embeddings
  💾 Inserted 100 embeddings into searches table

📊 Progress: 7900 items processed

📋 Batch #80

📦 Processing batch of 100 items...
  🚀 Submitting to Cloudflare AI...
  ✅ Received 100 embeddings
  💾 Inserted 100 embeddings into searches table

📊 Progress: 8000 items processed

📋 Batch #81

📦 Processing batch of 100 items...
  🚀 Submitting to Cloudflare AI...
  ✅ Received 100 embeddings
  💾 Inserted 100 embeddings into searches table

📊 Progress: 8100 items processed

📋 Batch #82

📦 Processing batch of 100 items...
  🚀 Submitting to Cloudflare AI...
  ✅ Received 100 embeddings
  💾 Inserted 100 embeddings into searches table

📊 Progress: 8200 items processed

📋 Batch #83

📦 Processing batch of 100 items...
  🚀 Submitting to Cloudflare AI...
  ✅ Received 100 embeddings
  💾 Inserted 100 embeddings into searches table

📊 Progress: 8300 items processed

📋 Batch #84

📦 Processing batch of 100 items...
  🚀 Submitting to Cloudflare AI...
  ✅ Received 100 embeddings
  💾 Inserted 100 embeddings into searches table

📊 Progress: 8400 items processed

📋 Batch #85

📦 Processing batch of 100 items...
  🚀 Submitting to Cloudflare AI...
  ✅ Received 100 embeddings
  💾 Inserted 100 embeddings into searches table

📊 Progress: 8500 items processed

📋 Batch #86

📦 Processing batch of 100 items...
  🚀 Submitting to Cloudflare AI...
  ✅ Received 100 embeddings
  💾 Inserted 100 embeddings into searches table

📊 Progress: 8600 items processed

📋 Batch #87

📦 Processing batch of 100 items...
  🚀 Submitting to Cloudflare AI...
  ✅ Received 100 embeddings
  💾 Inserted 100 embeddings into searches table

📊 Progress: 8700 items processed

📋 Batch #88

📦 Processing batch of 100 items...
  🚀 Submitting to Cloudflare AI...
  ✅ Received 100 embeddings
  💾 Inserted 100 embeddings into searches table

📊 Progress: 8800 items processed

📋 Batch #89

📦 Processing batch of 100 items...
  🚀 Submitting to Cloudflare AI...
  ✅ Received 100 embeddings
  💾 Inserted 100 embeddings into searches table

📊 Progress: 8900 items processed

📋 Batch #90

📦 Processing batch of 100 items...
  🚀 Submitting to Cloudflare AI...
  ✅ Received 100 embeddings
  💾 Inserted 100 embeddings into searches table

📊 Progress: 9000 items processed

📋 Batch #91

📦 Processing batch of 100 items...
  🚀 Submitting to Cloudflare AI...
  ✅ Received 100 embeddings
  💾 Inserted 100 embeddings into searches table

📊 Progress: 9100 items processed

📋 Batch #92

📦 Processing batch of 100 items...
  🚀 Submitting to Cloudflare AI...
  ✅ Received 100 embeddings
  💾 Inserted 100 embeddings into searches table

📊 Progress: 9200 items processed

📋 Batch #93

📦 Processing batch of 100 items...
  🚀 Submitting to Cloudflare AI...
  ✅ Received 100 embeddings
  💾 Inserted 100 embeddings into searches table

📊 Progress: 9300 items processed

📋 Batch #94

📦 Processing batch of 100 items...
  🚀 Submitting to Cloudflare AI...
  ✅ Received 100 embeddings
  💾 Inserted 100 embeddings into searches table

📊 Progress: 9400 items processed

📋 Batch #95

📦 Processing batch of 100 items...
  🚀 Submitting to Cloudflare AI...
  ✅ Received 100 embeddings
  💾 Inserted 100 embeddings into searches table

📊 Progress: 9500 items processed

📋 Batch #96

📦 Processing batch of 100 items...
  🚀 Submitting to Cloudflare AI...
  ✅ Received 100 embeddings
  💾 Inserted 100 embeddings into searches table

📊 Progress: 9600 items processed

📋 Batch #97

📦 Processing batch of 100 items...
  🚀 Submitting to Cloudflare AI...
  ✅ Received 100 embeddings
  💾 Inserted 100 embeddings into searches table

📊 Progress: 9700 items processed

📋 Batch #98

📦 Processing batch of 100 items...
  🚀 Submitting to Cloudflare AI...
  ✅ Received 100 embeddings
  💾 Inserted 100 embeddings into searches table

📊 Progress: 9800 items processed

📋 Batch #99

📦 Processing batch of 100 items...
  🚀 Submitting to Cloudflare AI...
  ✅ Received 100 embeddings
  💾 Inserted 100 embeddings into searches table

📊 Progress: 9900 items processed

📋 Batch #100

📦 Processing batch of 100 items...
  🚀 Submitting to Cloudflare AI...
  ✅ Received 100 embeddings
  💾 Inserted 100 embeddings into searches table

📊 Progress: 10000 items processed

📋 Batch #101

📦 Processing batch of 100 items...
  🚀 Submitting to Cloudflare AI...
  ✅ Received 100 embeddings
  💾 Inserted 100 embeddings into searches table

📊 Progress: 10100 items processed

📋 Batch #102

📦 Processing batch of 100 items...
  🚀 Submitting to Cloudflare AI...
  ✅ Received 100 embeddings
  💾 Inserted 100 embeddings into searches table

📊 Progress: 10200 items processed

📋 Batch #103

📦 Processing batch of 100 items...
  🚀 Submitting to Cloudflare AI...
  ✅ Received 100 embeddings
  💾 Inserted 100 embeddings into searches table

📊 Progress: 10300 items processed

📋 Batch #104

📦 Processing batch of 100 items...
  🚀 Submitting to Cloudflare AI...
  ✅ Received 100 embeddings
  💾 Inserted 100 embeddings into searches table

📊 Progress: 10400 items processed

📋 Batch #105

📦 Processing batch of 100 items...
  🚀 Submitting to Cloudflare AI...
  ✅ Received 100 embeddings
  💾 Inserted 100 embeddings into searches table

📊 Progress: 10500 items processed

📋 Batch #106

📦 Processing batch of 100 items...
  🚀 Submitting to Cloudflare AI...
  ✅ Received 100 embeddings
  💾 Inserted 100 embeddings into searches table

📊 Progress: 10600 items processed

📋 Batch #107

📦 Processing batch of 100 items...
  🚀 Submitting to Cloudflare AI...
  ✅ Received 100 embeddings
  💾 Inserted 100 embeddings into searches table

📊 Progress: 10700 items processed

📋 Batch #108

📦 Processing batch of 100 items...
  🚀 Submitting to Cloudflare AI...
  ✅ Received 100 embeddings
  💾 Inserted 100 embeddings into searches table

📊 Progress: 10800 items processed

📋 Batch #109

📦 Processing batch of 100 items...
  🚀 Submitting to Cloudflare AI...
  ✅ Received 100 embeddings
  💾 Inserted 100 embeddings into searches table

📊 Progress: 10900 items processed

📋 Batch #110

📦 Processing batch of 100 items...
  🚀 Submitting to Cloudflare AI...
  ✅ Received 100 embeddings
  💾 Inserted 100 embeddings into searches table

📊 Progress: 11000 items processed

📋 Batch #111

📦 Processing batch of 100 items...
  🚀 Submitting to Cloudflare AI...
  ✅ Received 100 embeddings
  💾 Inserted 100 embeddings into searches table

📊 Progress: 11100 items processed

📋 Batch #112

📦 Processing batch of 100 items...
  🚀 Submitting to Cloudflare AI...
  ✅ Received 100 embeddings
  💾 Inserted 100 embeddings into searches table

📊 Progress: 11200 items processed

📋 Batch #113

📦 Processing batch of 100 items...
  🚀 Submitting to Cloudflare AI...
  ✅ Received 100 embeddings
  💾 Inserted 100 embeddings into searches table

📊 Progress: 11300 items processed

📋 Batch #114

📦 Processing batch of 100 items...
  🚀 Submitting to Cloudflare AI...
  ✅ Received 100 embeddings
  💾 Inserted 100 embeddings into searches table

📊 Progress: 11400 items processed

📋 Batch #115

📦 Processing batch of 100 items...
  🚀 Submitting to Cloudflare AI...
  ✅ Received 100 embeddings
  💾 Inserted 100 embeddings into searches table

📊 Progress: 11500 items processed

📋 Batch #116

📦 Processing batch of 100 items...
  🚀 Submitting to Cloudflare AI...
  ✅ Received 100 embeddings
  💾 Inserted 100 embeddings into searches table

📊 Progress: 11600 items processed

📋 Batch #117

📦 Processing batch of 100 items...
  🚀 Submitting to Cloudflare AI...
  ✅ Received 100 embeddings
  💾 Inserted 100 embeddings into searches table

📊 Progress: 11700 items processed

📋 Batch #118

📦 Processing batch of 100 items...
  🚀 Submitting to Cloudflare AI...
  ✅ Received 100 embeddings
  💾 Inserted 100 embeddings into searches table

📊 Progress: 11800 items processed

📋 Batch #119

📦 Processing batch of 100 items...
  🚀 Submitting to Cloudflare AI...
  ✅ Received 100 embeddings
  💾 Inserted 100 embeddings into searches table

📊 Progress: 11900 items processed

📋 Batch #120

📦 Processing batch of 100 items...
  🚀 Submitting to Cloudflare AI...
  ✅ Received 100 embeddings
  💾 Inserted 100 embeddings into searches table

📊 Progress: 12000 items processed

📋 Batch #121

📦 Processing batch of 100 items...
  🚀 Submitting to Cloudflare AI...
  ✅ Received 100 embeddings
  💾 Inserted 100 embeddings into searches table

📊 Progress: 12100 items processed

📋 Batch #122

📦 Processing batch of 100 items...
  🚀 Submitting to Cloudflare AI...
  ✅ Received 100 embeddings
  💾 Inserted 100 embeddings into searches table

📊 Progress: 12200 items processed

📋 Batch #123

📦 Processing batch of 100 items...
  🚀 Submitting to Cloudflare AI...
  ✅ Received 100 embeddings
  💾 Inserted 100 embeddings into searches table

📊 Progress: 12300 items processed

📋 Batch #124

📦 Processing batch of 100 items...
  🚀 Submitting to Cloudflare AI...
  ✅ Received 100 embeddings
  💾 Inserted 100 embeddings into searches table

📊 Progress: 12400 items processed

📋 Batch #125

📦 Processing batch of 100 items...
  🚀 Submitting to Cloudflare AI...
  ✅ Received 100 embeddings
  💾 Inserted 100 embeddings into searches table

📊 Progress: 12500 items processed

📋 Batch #126

📦 Processing batch of 100 items...
  🚀 Submitting to Cloudflare AI...
  ✅ Received 100 embeddings
  💾 Inserted 100 embeddings into searches table

📊 Progress: 12600 items processed

📋 Batch #127

📦 Processing batch of 100 items...
  🚀 Submitting to Cloudflare AI...
  ✅ Received 100 embeddings
  💾 Inserted 100 embeddings into searches table

📊 Progress: 12700 items processed

📋 Batch #128

📦 Processing batch of 100 items...
  🚀 Submitting to Cloudflare AI...
  ✅ Received 100 embeddings
  💾 Inserted 100 embeddings into searches table

📊 Progress: 12800 items processed

📋 Batch #129

📦 Processing batch of 100 items...
  🚀 Submitting to Cloudflare AI...
  ✅ Received 100 embeddings
  💾 Inserted 100 embeddings into searches table

📊 Progress: 12900 items processed

📋 Batch #130

📦 Processing batch of 100 items...
  🚀 Submitting to Cloudflare AI...
  ✅ Received 100 embeddings
  💾 Inserted 100 embeddings into searches table

📊 Progress: 13000 items processed

📋 Batch #131

📦 Processing batch of 100 items...
  🚀 Submitting to Cloudflare AI...
  ✅ Received 100 embeddings
  💾 Inserted 100 embeddings into searches table

📊 Progress: 13100 items processed

📋 Batch #132

📦 Processing batch of 100 items...
  🚀 Submitting to Cloudflare AI...
  ✅ Received 100 embeddings
  💾 Inserted 100 embeddings into searches table

📊 Progress: 13200 items processed

📋 Batch #133

📦 Processing batch of 100 items...
  🚀 Submitting to Cloudflare AI...
  ✅ Received 100 embeddings
  💾 Inserted 100 embeddings into searches table

📊 Progress: 13300 items processed

📋 Batch #134

📦 Processing batch of 100 items...
  🚀 Submitting to Cloudflare AI...
  ✅ Received 100 embeddings
  💾 Inserted 100 embeddings into searches table

📊 Progress: 13400 items processed

📋 Batch #135

📦 Processing batch of 100 items...
  🚀 Submitting to Cloudflare AI...
  ✅ Received 100 embeddings
  💾 Inserted 100 embeddings into searches table

📊 Progress: 13500 items processed

📋 Batch #136

📦 Processing batch of 100 items...
  🚀 Submitting to Cloudflare AI...
  ✅ Received 100 embeddings
  💾 Inserted 100 embeddings into searches table

📊 Progress: 13600 items processed

📋 Batch #137

📦 Processing batch of 100 items...
  🚀 Submitting to Cloudflare AI...
  ✅ Received 100 embeddings
  💾 Inserted 100 embeddings into searches table

📊 Progress: 13700 items processed

📋 Batch #138

📦 Processing batch of 100 items...
  🚀 Submitting to Cloudflare AI...
  ✅ Received 100 embeddings
  💾 Inserted 100 embeddings into searches table

📊 Progress: 13800 items processed

📋 Batch #139

📦 Processing batch of 100 items...
  🚀 Submitting to Cloudflare AI...
  ✅ Received 100 embeddings
  💾 Inserted 100 embeddings into searches table

📊 Progress: 13900 items processed

📋 Batch #140

📦 Processing batch of 100 items...
  🚀 Submitting to Cloudflare AI...
  ✅ Received 100 embeddings
  💾 Inserted 100 embeddings into searches table

📊 Progress: 14000 items processed

📋 Batch #141

📦 Processing batch of 100 items...
  🚀 Submitting to Cloudflare AI...
  ✅ Received 100 embeddings
  💾 Inserted 100 embeddings into searches table

📊 Progress: 14100 items processed

📋 Batch #142

📦 Processing batch of 100 items...
  🚀 Submitting to Cloudflare AI...
  ✅ Received 100 embeddings
  💾 Inserted 100 embeddings into searches table

📊 Progress: 14200 items processed

📋 Batch #143

📦 Processing batch of 100 items...
  🚀 Submitting to Cloudflare AI...
  ✅ Received 100 embeddings
  💾 Inserted 100 embeddings into searches table

📊 Progress: 14300 items processed

📋 Batch #144

📦 Processing batch of 100 items...
  🚀 Submitting to Cloudflare AI...
  ✅ Received 100 embeddings
  💾 Inserted 100 embeddings into searches table

📊 Progress: 14400 items processed

📋 Batch #145

📦 Processing batch of 100 items...
  🚀 Submitting to Cloudflare AI...
  ✅ Received 100 embeddings
  💾 Inserted 100 embeddings into searches table

📊 Progress: 14500 items processed

📋 Batch #146

📦 Processing batch of 100 items...
  🚀 Submitting to Cloudflare AI...
  ✅ Received 100 embeddings
  💾 Inserted 100 embeddings into searches table

📊 Progress: 14600 items processed

📋 Batch #147

📦 Processing batch of 100 items...
  🚀 Submitting to Cloudflare AI...
  ✅ Received 100 embeddings
  💾 Inserted 100 embeddings into searches table

📊 Progress: 14700 items processed

📋 Batch #148

📦 Processing batch of 100 items...
  🚀 Submitting to Cloudflare AI...
  ✅ Received 100 embeddings
  💾 Inserted 100 embeddings into searches table

📊 Progress: 14800 items processed

📋 Batch #149

📦 Processing batch of 100 items...
  🚀 Submitting to Cloudflare AI...
  ✅ Received 100 embeddings
  💾 Inserted 100 embeddings into searches table

📊 Progress: 14900 items processed

📋 Batch #150

📦 Processing batch of 100 items...
  🚀 Submitting to Cloudflare AI...
  ✅ Received 100 embeddings
  💾 Inserted 100 embeddings into searches table

📊 Progress: 15000 items processed

📋 Batch #151

📦 Processing batch of 100 items...
  🚀 Submitting to Cloudflare AI...
  ✅ Received 100 embeddings
  💾 Inserted 100 embeddings into searches table

📊 Progress: 15100 items processed

📋 Batch #152

📦 Processing batch of 100 items...
  🚀 Submitting to Cloudflare AI...
  ✅ Received 100 embeddings
  💾 Inserted 100 embeddings into searches table

📊 Progress: 15200 items processed

📋 Batch #153

📦 Processing batch of 100 items...
  🚀 Submitting to Cloudflare AI...
❌ Error: Error: Batch submission failed: 400 {"errors":[{"message":"AiError: AiError: Max context reached 78600 tokens but model supports only 60000 (c0d3892d-9e9d-4b22-83fa-b00f1a17851a)","code":3030}],"success":false,"result":{},"messages":[]}
    at submitBatch (/Users/nathanclevenger/projects/graph.org.ai/.scripts/batch-embeddings.ts:89:11)
    at process.processTicksAndRejections (node:internal/process/task_queues:105:5)
    at async processBatch (/Users/nathanclevenger/projects/graph.org.ai/.scripts/batch-embeddings.ts:133:22)
    at async main (/Users/nathanclevenger/projects/graph.org.ai/.scripts/batch-embeddings.ts:179:23)
