[dotenv@17.2.3] injecting env (5) from .env -- tip: ⚙️  load multiple .env files with { path: ['.env.local', '.env'] }

🌐 Ingesting Common Crawl Host-Level Edges (Hyperlinks)

   Dataset: cc-main-2025-aug-sep-oct
   Edges: 8.0 billion hyperlinks
   Method: dictGet() lookups (no JOINs)

🔍 Testing connection...
✅ Connected

📥 Downloading cc-main-2025-aug-sep-oct-host-edges.paths.gz...
✅ Downloaded

📦 Extracting paths list...
✅ Extracted

   Found 32 data files

🔶 Processing edges (relationships)...

   [1/32] part-00000-329f4bcf-4df6-45f2-8766-1f22eaf31e2e-c000.txt.gz
      Inserted 0 edges (skipped 272,406,171 with missing domains)

   [2/32] part-00001-329f4bcf-4df6-45f2-8766-1f22eaf31e2e-c000.txt.gz
      Inserted 0 edges (skipped 251,933,886 with missing domains)

   [3/32] part-00002-329f4bcf-4df6-45f2-8766-1f22eaf31e2e-c000.txt.gz
      Inserted 0 edges (skipped 282,743,890 with missing domains)

   [4/32] part-00003-329f4bcf-4df6-45f2-8766-1f22eaf31e2e-c000.txt.gz
      Inserted 0 edges (skipped 286,068,819 with missing domains)

   [5/32] part-00004-329f4bcf-4df6-45f2-8766-1f22eaf31e2e-c000.txt.gz
      Inserted 0 edges (skipped 272,297,817 with missing domains)

   [6/32] part-00005-329f4bcf-4df6-45f2-8766-1f22eaf31e2e-c000.txt.gz
      Inserted 0 edges (skipped 241,988,229 with missing domains)

   [7/32] part-00006-329f4bcf-4df6-45f2-8766-1f22eaf31e2e-c000.txt.gz
      Inserted 0 edges (skipped 233,363,211 with missing domains)

   [8/32] part-00007-329f4bcf-4df6-45f2-8766-1f22eaf31e2e-c000.txt.gz
      Inserted 0 edges (skipped 276,132,615 with missing domains)

   [9/32] part-00008-329f4bcf-4df6-45f2-8766-1f22eaf31e2e-c000.txt.gz
      Inserted 0 edges (skipped 246,482,515 with missing domains)

   [10/32] part-00009-329f4bcf-4df6-45f2-8766-1f22eaf31e2e-c000.txt.gz

❌ Error: Timeout exceeded: elapsed 604474.94804 ms, maximum: 600000 ms. 

Stack trace:
Error: Timeout exceeded: elapsed 604474.94804 ms, maximum: 600000 ms. 
    at parseError (/Users/nathanclevenger/projects/graph.org.ai/node_modules/.pnpm/@clickhouse+client-common@1.14.0/node_modules/packages/client-common/src/error/error.ts:31:12)
    at ClientRequest.onResponse (/Users/nathanclevenger/projects/graph.org.ai/node_modules/.pnpm/@clickhouse+client@1.14.0/node_modules/packages/client-node/src/connection/node_base_connection.ts:567:25)
    at process.processTicksAndRejections (node:internal/process/task_queues:105:5)
