📦 Storage backend: clickhouse

🚀 Starting database ingestion...

📦 Ingesting Schema.org...
  Found 920 types
  Found 1510 properties
  Inserting 2430 things...
  Inserting 5350 relationships...

📦 Ingesting O*NET...
  Found 1016 occupations
  Found 62580 skill entries
  Found 59004 knowledge entries
  Found 92976 ability entries
  Found 73308 work activity entries
  Found 297676 work context entries
  Found 14304 work style entries
  Found 7866 work value entries
  Found 8307 interest entries
  Found 161559 task ratings
  Found 32681 technology skills
  Found 41662 tools

  Total unique O*NET things: 5,530
  Total O*NET relationships: 690,364
  Inserting things 1-5530...
  Inserting relationships 1-100000...
  Inserting relationships 100001-200000...
  Inserting relationships 200001-300000...
  Inserting relationships 300001-400000...
  Inserting relationships 400001-500000...
  Inserting relationships 500001-600000...
  Inserting relationships 600001-690364...

📦 Ingesting UNSPSC...
  Found 158464 codes
  Inserting things 1-1000...
  Inserting things 1001-2000...
  Inserting things 2001-3000...
  Inserting things 3001-4000...
  Inserting things 4001-5000...
  Inserting things 5001-6000...
  Inserting things 6001-7000...
  Inserting things 7001-8000...
  Inserting things 8001-9000...
  Inserting things 9001-10000...
  Inserting things 10001-11000...
  Inserting things 11001-12000...
  Inserting things 12001-13000...
  Inserting things 13001-14000...
  Inserting things 14001-15000...
  Inserting things 15001-16000...
  Inserting things 16001-17000...
  Inserting things 17001-18000...
  Inserting things 18001-19000...
  Inserting things 19001-20000...
  Inserting things 20001-21000...
  Inserting things 21001-22000...
  Inserting things 22001-23000...
  Inserting things 23001-24000...
  Inserting things 24001-25000...
  Inserting things 25001-26000...
  Inserting things 26001-27000...
  Inserting things 27001-28000...
  Inserting things 28001-29000...
  Inserting things 29001-30000...
  Inserting things 30001-31000...
  Inserting things 31001-32000...
  Inserting things 32001-33000...
  Inserting things 33001-34000...
  Inserting things 34001-35000...
  Inserting things 35001-36000...
  Inserting things 36001-37000...
  Inserting things 37001-38000...
  Inserting things 38001-39000...
  Inserting things 39001-40000...
  Inserting things 40001-41000...
  Inserting things 41001-42000...
  Inserting things 42001-43000...
  Inserting things 43001-44000...
  Inserting things 44001-45000...
  Inserting things 45001-46000...
  Inserting things 46001-47000...
  Inserting things 47001-48000...
  Inserting things 48001-49000...
  Inserting things 49001-50000...
  Inserting things 50001-51000...
  Inserting things 51001-52000...
  Inserting things 52001-53000...
  Inserting things 53001-54000...
  Inserting things 54001-55000...
  Inserting things 55001-56000...
  Inserting things 56001-57000...
  Inserting things 57001-58000...
  Inserting things 58001-59000...
  Inserting things 59001-60000...
  Inserting things 60001-61000...
  Inserting things 61001-62000...
  Inserting things 62001-63000...
  Inserting things 63001-64000...
  Inserting things 64001-65000...
  Inserting things 65001-66000...
  Inserting things 66001-67000...
  Inserting things 67001-68000...
  Inserting things 68001-69000...
  Inserting things 69001-70000...
  Inserting things 70001-71000...
  Inserting things 71001-72000...
  Inserting things 72001-73000...
  Inserting things 73001-74000...
  Inserting things 74001-75000...
  Inserting things 75001-76000...
  Inserting things 76001-77000...
  Inserting things 77001-78000...
  Inserting things 78001-79000...
  Inserting things 79001-80000...
  Inserting things 80001-81000...
  Inserting things 81001-82000...
  Inserting things 82001-83000...
  Inserting things 83001-84000...
  Inserting things 84001-85000...
  Inserting things 85001-86000...
  Inserting things 86001-87000...
  Inserting things 87001-88000...
  Inserting things 88001-89000...
  Inserting things 89001-90000...
  Inserting things 90001-91000...
  Inserting things 91001-92000...
  Inserting things 92001-93000...
  Inserting things 93001-94000...
  Inserting things 94001-95000...
  Inserting things 95001-96000...
  Inserting things 96001-97000...
  Inserting things 97001-98000...
  Inserting things 98001-99000...
  Inserting things 99001-100000...
  Inserting things 100001-101000...
  Inserting things 101001-102000...
  Inserting things 102001-103000...
  Inserting things 103001-104000...
  Inserting things 104001-105000...
  Inserting things 105001-106000...
  Inserting things 106001-107000...
  Inserting things 107001-108000...
  Inserting things 108001-109000...
  Inserting things 109001-110000...
  Inserting things 110001-111000...
  Inserting things 111001-112000...
  Inserting things 112001-113000...
  Inserting things 113001-114000...
  Inserting things 114001-115000...
  Inserting things 115001-116000...
  Inserting things 116001-117000...
